Godot Engine v4.7.1.stable.official.a13da4feb - https://godotengine.org

ROBOT host urut=1 mode=3 peta=alam skenario=client_keluar_duel
LOBBY host: klik mode '3 PLAYERS' = true
LOBBY host: klik peta 'Grassland' = true
LOBBY host: klik panjang 'CLASSIC' = true
LOBBY host: klik MY ROLE = true
LOBBY host: klik role FIRE = true
LOBBY host: klik OK = true
LOBBY host: pemain = [b][color=#3380ff]P1[/color][/b]   HOST (YOU)  [color=#e63333]FIRE[/color] | [b][color=#ff3333]P2[/color][/b]   PLAYER  [color=#3380e6]WATER[/color] | [b][color=#26cc4d]P3[/color][/b]   PLAYER  [color=#996633]EARTH[/color]
LOBBY host: info = Everyone is here. Press START!
LOBBY host: START = true
MASUK_GAME slot_lokal=0 pemain=3 peran_jaringan=host
START_DITEKAN
PAKAI_KARTU slot=0 kartu=LOW ROLL
TARGET_KARTU slot=0 Use on P2
PAKAI_KARTU slot=0 kartu=SHIELD
PAKAI_KARTU slot=0 kartu=HIGH ROLL
TARGET_KARTU slot=0 Use on P2
CEK_BD_JEBAKAN_AI s=0 role=api jebakan=api+angin+petir build={ "hot_flames": 2, "rock_breaker": 2, "heavy_pockets": 1, "fire_tax": 1, "ULT_api": true }
CEK_BD_JEBAKAN_AI s=1 role=air jebakan=air+angin+petir build={ "frozen_bubble": 2, "heat_skin": 2, "rock_breaker": 1, "rapid_current": 1, "ULT_air": true }
CEK_BD_JEBAKAN_AI s=2 role=tanah jebakan=tanah+angin+petir build={ "hard_rock": 2, "grounded": 2, "heavy_pockets": 1, "fortress": 1, "ULT_tanah": true }
CEK_C5 { "cek_c5_guard": 0, "cek_c5_tornado": 0, "cek_c5_phoenix": 0, "cek_c5_rockbreaker0": 0 }
CEK_BD { "cek_bd_sacred": 0, "cek_bd_guard_nol": 0, "cek_bd_fight_faktor": 0, "cek_bd_benteng_lewati": 0, "cek_bd_benteng_tahan_ai": 0 }
SELESAI BATAS_GILIRAN peran=host giliran=31 cek_ok=22 cek_gagal=0 kartu_beda=0 detik=559 migrasi=0 cek_ok_migrasi=0 jaringan=host role=api:api+angin+petir:{ "hot_flames": 2, "rock_breaker": 2, "heavy_pockets": 1, "fire_tax": 1, "ULT_api": true },air:air+angin+petir:{ "frozen_bubble": 2, "heat_skin": 2, "rock_breaker": 1, "rapid_current": 1, "ULT_air": true },tanah:tanah+angin+petir:{ "hard_rock": 2, "grounded": 2, "heavy_pockets": 1, "fortress": 1, "ULT_tanah": true }
WARNING: 4 ObjectDB instances were leaked at exit (run with `--verbose` for details).
