Godot Engine v4.7.1.stable.official.a13da4feb - https://godotengine.org

ROBOT client urut=2 mode=0 peta=alam skenario=client_keluar_duel
LOBBY client2: pemain = [b][color=#3380ff]P1[/color][/b]   HOST  [color=#e63333]FIRE[/color] | [b][color=#ff3333]P2[/color][/b]   PLAYER  [color=#3380e6]WATER[/color] | [b][color=#26cc4d]P3[/color][/b]   PLAYER (YOU)
LOBBY client2: info = Waiting for players to choose a role...
LOBBY client2: klik MY ROLE = true
LOBBY client2: klik role EARTH = true
LOBBY client2: klik OK = true
MASUK_GAME slot_lokal=2 pemain=3 peran_jaringan=client
START_DITEKAN
PAKAI_KARTU slot=2 kartu=LOW ROLL
TARGET_KARTU slot=2 Use on P1
PAKAI_KARTU slot=2 kartu=SHIELD
PAKAI_KARTU slot=2 kartu=HIGH ROLL
TARGET_KARTU slot=2 Use on P1
CEK_BD_JEBAKAN_AI s=0 role=api jebakan=api+angin+petir build={ "hot_flames": 2, "rock_breaker": 2, "heavy_pockets": 1, "fire_tax": 1, "ULT_api": true }
CEK_BD_JEBAKAN_AI s=1 role=air jebakan=air+angin+petir build={ "frozen_bubble": 2, "heat_skin": 2, "rock_breaker": 1, "rapid_current": 1, "ULT_air": true }
CEK_BD_JEBAKAN_AI s=2 role=tanah jebakan=tanah+angin+petir build={ "hard_rock": 2, "grounded": 2, "heavy_pockets": 1, "fortress": 1, "ULT_tanah": true }
CEK_C5 { "cek_c5_guard": 0, "cek_c5_tornado": 0, "cek_c5_phoenix": 0, "cek_c5_rockbreaker0": 0 }
CEK_BD { "cek_bd_sacred": 0, "cek_bd_guard_nol": 0, "cek_bd_fight_faktor": 0, "cek_bd_benteng_lewati": 0, "cek_bd_benteng_tahan_ai": 0 }
SELESAI HOST_SELESAI peran=client giliran=27 cek_ok=0 cek_gagal=0 kartu_beda=0 detik=558 migrasi=0 cek_ok_migrasi=0 jaringan=client role=api:api+angin+petir:{ "hot_flames": 2, "rock_breaker": 2, "heavy_pockets": 1, "fire_tax": 1, "ULT_api": true },air:air+angin+petir:{ "frozen_bubble": 2, "heat_skin": 2, "rock_breaker": 1, "rapid_current": 1, "ULT_air": true },tanah:tanah+angin+petir:{ "hard_rock": 2, "grounded": 2, "heavy_pockets": 1, "fortress": 1, "ULT_tanah": true }
WARNING: 4 ObjectDB instances were leaked at exit (run with `--verbose` for details).
