Godot Engine v4.7.1.stable.official.a13da4feb - https://godotengine.org

ERROR: Resource file not found: res://permata/permata_hijau.png (expected type: Texture2D)
   at: _load (core/io/resource_loader.cpp:325)
   GDScript backtrace (most recent call first):
       [0] _ready (res://uji_nyata.gd:326)
ERROR: Resource file not found: res://Mellow Shore.ogg (expected type: unknown)
   at: _load (core/io/resource_loader.cpp:325)
   GDScript backtrace (most recent call first):
       [0] setup_sistem_audio (res://audio_grafis.gd:44)
       [1] _ready (res://pemain.gd:82)
       [2] _ready (res://uji_nyata.gd:327)
ERROR: File 'Mellow Shore.ogg' tidak ditemukan. Pastikan sudah dimasukkan ke Godot.
   at: push_error (core/variant/variant_utility.cpp:1023)
   GDScript backtrace (most recent call first):
       [0] setup_sistem_audio (res://audio_grafis.gd:51)
       [1] _ready (res://pemain.gd:82)
       [2] _ready (res://uji_nyata.gd:327)
ERROR: Resource file not found: res://Iron Onslaught.ogg (expected type: unknown)
   at: _load (core/io/resource_loader.cpp:325)
   GDScript backtrace (most recent call first):
       [0] setup_sistem_audio (res://audio_grafis.gd:59)
       [1] _ready (res://pemain.gd:82)
       [2] _ready (res://uji_nyata.gd:327)
ERROR: File 'Iron Onslaught.ogg' tidak ditemukan di Godot.
   at: push_error (core/variant/variant_utility.cpp:1023)
   GDScript backtrace (most recent call first):
       [0] setup_sistem_audio (res://audio_grafis.gd:65)
       [1] _ready (res://pemain.gd:82)
       [2] _ready (res://uji_nyata.gd:327)
WARNING: res://PetaAlam.tscn:3 - ext_resource, invalid UID: uid://btbnxpictjrw2 - using text path instead: res://lingkungan_alam.gd
     at: load (scene/resources/resource_format_text.cpp:501)
     GDScript backtrace (most recent call first):
         [0] _ready (res://pemain.gd:119)
         [1] _ready (res://uji_nyata.gd:327)
WARNING: res://PetaAlam.tscn:4 - ext_resource, invalid UID: uid://ce3ntygme0quk - using text path instead: res://petak_papan.gd
     at: load (scene/resources/resource_format_text.cpp:501)
     GDScript backtrace (most recent call first):
         [0] _ready (res://pemain.gd:119)
         [1] _ready (res://uji_nyata.gd:327)
ERROR: Resource file not found: res://permata/permata_hijau.png (expected type: Texture2D)
   at: _load (core/io/resource_loader.cpp:325)
   GDScript backtrace (most recent call first):
       [0] _ready (res://uji_nyata.gd:327)
MENU ok: jumlah_ai_dipilih=3
MENU panjang 'CLASSIC' = true; keterangan='No round limit. Reach START with 3000 coins.'
MENU peta 'Grassland' klik1=true klik2=true
MENU role klik FIRE = true
WARNING: res://PetaAlam.tscn:3 - ext_resource, invalid UID: uid://btbnxpictjrw2 - using text path instead: res://lingkungan_alam.gd
     at: load (scene/resources/resource_format_text.cpp:501)
     GDScript backtrace (most recent call first):
         [0] _siapkan_peta_dan_mulai (res://pemain.gd:1861)
         [1] _mulai_terjun_ke_game (res://main_menu.gd:325)
         [2] _mulai_sesudah_role (res://main_menu.gd:439)
         [3] <anonymous lambda> (res://main_menu.gd:421)
         [4] <anonymous lambda> (res://ui_role.gd:224)
         [5] _klik_teks (res://uji_nyata.gd:590)
         [6] _ready (res://uji_nyata.gd:368)
WARNING: res://PetaAlam.tscn:4 - ext_resource, invalid UID: uid://ce3ntygme0quk - using text path instead: res://petak_papan.gd
     at: load (scene/resources/resource_format_text.cpp:501)
     GDScript backtrace (most recent call first):
         [0] _siapkan_peta_dan_mulai (res://pemain.gd:1861)
         [1] _mulai_terjun_ke_game (res://main_menu.gd:325)
         [2] _mulai_sesudah_role (res://main_menu.gd:439)
         [3] <anonymous lambda> (res://main_menu.gd:421)
         [4] <anonymous lambda> (res://ui_role.gd:224)
         [5] _klik_teks (res://uji_nyata.gd:590)
         [6] _ready (res://uji_nyata.gd:368)
ERROR: Resource file not found: res://Mellow Shore.ogg (expected type: unknown)
   at: _load (core/io/resource_loader.cpp:325)
   GDScript backtrace (most recent call first):
       [0] _siapkan_peta_dan_mulai (res://pemain.gd:1868)
       [1] _mulai_terjun_ke_game (res://main_menu.gd:325)
       [2] _mulai_sesudah_role (res://main_menu.gd:439)
       [3] <anonymous lambda> (res://main_menu.gd:421)
       [4] <anonymous lambda> (res://ui_role.gd:224)
       [5] _klik_teks (res://uji_nyata.gd:590)
       [6] _ready (res://uji_nyata.gd:368)
MENU role START = true
PANEL_HOW_TO_WIN jumlah=1
SYARAT | Collect the gem on the board | Pass START with the gems complete to get your salary | Reach START with 3000+ coins to win | Salary at START: +500, +10 per tile you own, +3 stars | Buy a tile, then STOP on it again to build a tower
ATURAN mode_quick=false batas_ronde=0 target_permata=1 permata_peta=1 rolet_double=false
START ditekan setelah 0.0 dtk; pemain=4 target_permata=1 petak=24
ROLE_SLOT api:api+angin petir:petir+api tanah:tanah+angin angin:angin+api
EVENT ronde=1 aktif= terakhir=
BOUNTY ronde=1 aktif= terakhir= klaim_per_slot=[0, 0, 0, 0] bintang=[4, 4, 4, 4]
TEBAK_UI 'WHO WINS? TAP ONE!'
TEBAK_PILIH slot=0 tebak=2 penyerang=2 pembela=1
TARUHAN_PASANG nominal=10 crowns 500->490 potong=OK
TEBAK_UI 'Your guess: P3  (bet 10)'
TEBAK_JENDELA dtk_game=3.27 tombol=true
TEBAK_UI 'Wrong guess.  -10 Crowns'
TARUHAN_HASIL 'Wrong guess.  -10 Crowns' crowns 490 harap=490 cek=OK
TEBAK_CEK tebak=2 menang=1 benar_diharap=false stat_naik=0 ui='Wrong guess.' cek=OK
EVENT ronde=2 aktif= terakhir=
BOUNTY ronde=2 aktif=tanah terakhir=tanah klaim_per_slot=[0, 0, 0, 0] bintang=[4, 4, 4, 4]
JEBAKAN_AI s=1 e=petir petak=6 menara=0 sacred=0
EVENT ronde=3 aktif= terakhir=
JEBAKAN_AI s=1 e=petir petak=7 menara=0 sacred=0
EVENT ronde=4 aktif=market_day terakhir=market_day
JEBAKAN_AI s=1 e=petir petak=13 menara=0 sacred=0
JEBAKAN_AI s=2 e=tanah petak=14 menara=0 sacred=0
EVENT ronde=5 aktif= terakhir=market_day
ERROR: Resource file not found: res://permata/permata_hijau.png (expected type: Texture2D)
   at: _load (core/io/resource_loader.cpp:325)
   GDScript backtrace (most recent call first):
       [0] bergerak_maju (res://pemain.gd:903)
ERROR: Resource file not found: res://permata/permata_hijau.png (expected type: Texture2D)
   at: _load (core/io/resource_loader.cpp:325)
   GDScript backtrace (most recent call first):
       [0] bergerak_maju (res://pemain.gd:903)
DIAG_PROGRES giliran=20 detik=368
EVENT ronde=6 aktif= terakhir=market_day
EVENT ronde=7 aktif= terakhir=star_shower
JEBAKAN_AI s=3 e=api petak=13 menara=0 sacred=0
EVENT ronde=8 aktif= terakhir=star_shower
JEBAKAN_AI s=2 e=angin petak=6 menara=1 sacred=0
JEBAKAN_AI s=3 e=angin petak=16 menara=0 sacred=0
ERROR: Resource file not found: res://permata/permata_hijau.png (expected type: Texture2D)
   at: _load (core/io/resource_loader.cpp:325)
   GDScript backtrace (most recent call first):
       [0] bergerak_maju (res://pemain.gd:903)
EVENT ronde=9 aktif= terakhir=star_shower
JEBAKAN_AI s=3 e=api petak=21 menara=0 sacred=0
EVENT ronde=10 aktif=market_day terakhir=market_day
ERROR: Resource file not found: res://permata/permata_hijau.png (expected type: Texture2D)
   at: _load (core/io/resource_loader.cpp:325)
   GDScript backtrace (most recent call first):
       [0] bergerak_maju (res://pemain.gd:903)
ERROR: Resource file not found: res://permata/permata_hijau.png (expected type: Texture2D)
   at: _load (core/io/resource_loader.cpp:325)
   GDScript backtrace (most recent call first):
       [0] _render_hud_banyak_pemain (res://pemain_tampilan.gd:564)
       [1] _render_uang_tampil (res://pemain_tampilan.gd:527)
       [2] update_ui_status (res://pemain_tampilan.gd:500)
       [3] bergerak_maju (res://pemain.gd:904)
JEBAKAN_AI s=0 e=angin petak=1 menara=0 sacred=0
DIAG_PROGRES giliran=40 detik=735
EVENT ronde=11 aktif= terakhir=market_day
JEBAKAN_AI s=1 e=api petak=17 menara=0 sacred=0
ERROR: Resource file not found: res://permata/permata_hijau.png (expected type: Texture2D)
   at: _load (core/io/resource_loader.cpp:325)
   GDScript backtrace (most recent call first):
       [0] bergerak_maju (res://pemain.gd:903)
TEBAK_UI 'WHO WINS? TAP ONE!'
TEBAK_PILIH slot=0 tebak=3 penyerang=2 pembela=3
TARUHAN_PASANG nominal=25 crowns 490->465 potong=OK
TEBAK_UI 'Your guess: P4  (bet 25)'
TEBAK_JENDELA dtk_game=3.27 tombol=true
TEBAK_UI 'Good guess!  +25 Crowns'
TARUHAN_HASIL 'Good guess!  +25 Crowns' crowns 515 harap=515 cek=OK
TEBAK_CEK tebak=3 menang=3 benar_diharap=true stat_naik=1 ui='Good guess!' cek=OK
TEBAK_UI 'WHO WINS? TAP ONE!'
TEBAK_PILIH slot=0 tebak=3 penyerang=3 pembela=1
TARUHAN_PASANG nominal=50 crowns 515->465 potong=OK
TEBAK_UI 'Your guess: P4  (bet 50)'
TEBAK_JENDELA dtk_game=3.27 tombol=true
TEBAK_UI 'Good guess!  +50 Crowns'
TARUHAN_HASIL 'Good guess!  +50 Crowns' crowns 565 harap=565 cek=OK
TEBAK_CEK tebak=3 menang=3 benar_diharap=true stat_naik=1 ui='Good guess!' cek=OK
EVENT ronde=12 aktif= terakhir=market_day
JEBAKAN_AI s=1 e=api petak=21 menara=0 sacred=0
JEBAKAN_AI s=2 e=angin petak=16 menara=0 sacred=0
ERROR: Resource file not found: res://permata/permata_hijau.png (expected type: Texture2D)
   at: _load (core/io/resource_loader.cpp:325)
   GDScript backtrace (most recent call first):
       [0] bergerak_maju (res://pemain.gd:903)
EVENT ronde=13 aktif= terakhir=earthquake
GETAR_KAMERA maks_h=0.421 akhir_h=0.000 akhir_v=0.000
JEBAKAN_AI s=0 e=angin petak=10 menara=0 sacred=0
JEBAKAN_AI s=1 e=petir petak=22 menara=1 sacred=0
JEBAKAN_AI s=2 e=angin petak=21 menara=0 sacred=0
ERROR: Resource file not found: res://permata/permata_hijau.png (expected type: Texture2D)
   at: _load (core/io/resource_loader.cpp:325)
   GDScript backtrace (most recent call first):
       [0] bergerak_maju (res://pemain.gd:903)
EVENT ronde=14 aktif= terakhir=earthquake
JEBAKAN_AI s=1 e=petir petak=3 menara=1 sacred=0
JEBAKAN_AI s=2 e=angin petak=22 menara=1 sacred=0
TEBAK_UI 'WHO WINS? TAP ONE!'
TEBAK_PILIH slot=0 tebak=2 penyerang=3 pembela=2
TEBAK_UI 'Your guess: P3'
TEBAK_JENDELA dtk_game=3.40 tombol=true
TEBAK_UI 'Good guess!'
TEBAK_CEK tebak=2 menang=2 benar_diharap=true stat_naik=1 ui='Good guess!' cek=OK
EVENT ronde=15 aktif= terakhir=earthquake
JEBAKAN_AI s=1 e=petir petak=5 menara=0 sacred=0
JEBAKAN_AI s=2 e=angin petak=23 menara=0 sacred=0
DIAG_PROGRES giliran=60 detik=1301
EVENT ronde=16 aktif= terakhir=star_shower
JEBAKAN_AI s=1 e=api petak=8 menara=0 sacred=0
TEBAK_UI 'WHO WINS? TAP ONE!'
TEBAK_PILIH slot=0 tebak=2 penyerang=2 pembela=1
TARUHAN_PASANG nominal=25 crowns 565->540 potong=OK
TEBAK_UI 'Your guess: P3  (bet 25)'
TEBAK_JENDELA dtk_game=3.40 tombol=true
TEBAK_UI 'Wrong guess.  -25 Crowns'
TARUHAN_HASIL 'Wrong guess.  -25 Crowns' crowns 540 harap=540 cek=OK
TEBAK_CEK tebak=2 menang=1 benar_diharap=false stat_naik=0 ui='Wrong guess.' cek=OK
JEBAKAN_AI s=3 e=api petak=5 menara=0 sacred=0
EVENT ronde=17 aktif= terakhir=star_shower
JEBAKAN_AI s=1 e=api petak=10 menara=0 sacred=0
EVENT ronde=18 aktif= terakhir=star_shower
ERROR: Resource file not found: res://permata/permata_hijau.png (expected type: Texture2D)
   at: _load (core/io/resource_loader.cpp:325)
   GDScript backtrace (most recent call first):
       [0] bergerak_maju (res://pemain.gd:903)
ERROR: Resource file not found: res://permata/permata_hijau.png (expected type: Texture2D)
   at: _load (core/io/resource_loader.cpp:325)
   GDScript backtrace (most recent call first):
       [0] _render_hud_banyak_pemain (res://pemain_tampilan.gd:564)
       [1] _render_uang_tampil (res://pemain_tampilan.gd:527)
       [2] update_ui_status (res://pemain_tampilan.gd:500)
       [3] bergerak_maju (res://pemain.gd:904)
JEBAKAN_AI s=2 e=angin petak=11 menara=0 sacred=0
ERROR: Resource file not found: res://permata/permata_hijau.png (expected type: Texture2D)
   at: _load (core/io/resource_loader.cpp:325)
   GDScript backtrace (most recent call first):
       [0] _render_hud_banyak_pemain (res://pemain_tampilan.gd:564)
       [1] _render_uang_tampil (res://pemain_tampilan.gd:527)
ERROR: Resource file not found: res://permata/permata_hijau.png (expected type: Texture2D)
   at: _load (core/io/resource_loader.cpp:325)
   GDScript backtrace (most recent call first):
       [0] _render_hud_banyak_pemain (res://pemain_tampilan.gd:564)
       [1] _render_uang_tampil (res://pemain_tampilan.gd:527)
ERROR: Resource file not found: res://permata/permata_hijau.png (expected type: Texture2D)
   at: _load (core/io/resource_loader.cpp:325)
   GDScript backtrace (most recent call first):
       [0] _render_hud_banyak_pemain (res://pemain_tampilan.gd:564)
       [1] _render_uang_tampil (res://pemain_tampilan.gd:527)
ERROR: Resource file not found: res://permata/permata_hijau.png (expected type: Texture2D)
   at: _load (core/io/resource_loader.cpp:325)
   GDScript backtrace (most recent call first):
       [0] _render_hud_banyak_pemain (res://pemain_tampilan.gd:564)
       [1] _render_uang_tampil (res://pemain_tampilan.gd:527)
ERROR: Resource file not found: res://permata/permata_hijau.png (expected type: Texture2D)
   at: _load (core/io/resource_loader.cpp:325)
   GDScript backtrace (most recent call first):
       [0] _render_hud_banyak_pemain (res://pemain_tampilan.gd:564)
       [1] _render_uang_tampil (res://pemain_tampilan.gd:527)
ERROR: Resource file not found: res://permata/permata_hijau.png (expected type: Texture2D)
   at: _load (core/io/resource_loader.cpp:325)
   GDScript backtrace (most recent call first):
       [0] _render_hud_banyak_pemain (res://pemain_tampilan.gd:564)
       [1] _render_uang_tampil (res://pemain_tampilan.gd:527)
ERROR: Resource file not found: res://permata/permata_hijau.png (expected type: Texture2D)
   at: _load (core/io/resource_loader.cpp:325)
   GDScript backtrace (most recent call first):
       [0] _render_hud_banyak_pemain (res://pemain_tampilan.gd:564)
       [1] _render_uang_tampil (res://pemain_tampilan.gd:527)
ERROR: Resource file not found: res://permata/permata_hijau.png (expected type: Texture2D)
   at: _load (core/io/resource_loader.cpp:325)
   GDScript backtrace (most recent call first):
       [0] _render_hud_banyak_pemain (res://pemain_tampilan.gd:564)
       [1] _render_uang_tampil (res://pemain_tampilan.gd:527)
ERROR: Resource file not found: res://permata/permata_hijau.png (expected type: Texture2D)
   at: _load (core/io/resource_loader.cpp:325)
   GDScript backtrace (most recent call first):
       [0] _render_hud_banyak_pemain (res://pemain_tampilan.gd:564)
       [1] _render_uang_tampil (res://pemain_tampilan.gd:527)
ERROR: Resource file not found: res://permata/permata_hijau.png (expected type: Texture2D)
   at: _load (core/io/resource_loader.cpp:325)
   GDScript backtrace (most recent call first):
       [0] _render_hud_banyak_pemain (res://pemain_tampilan.gd:564)
       [1] _render_uang_tampil (res://pemain_tampilan.gd:527)
ERROR: Resource file not found: res://permata/permata_hijau.png (expected type: Texture2D)
   at: _load (core/io/resource_loader.cpp:325)
   GDScript backtrace (most recent call first):
       [0] _render_hud_banyak_pemain (res://pemain_tampilan.gd:564)
       [1] _render_uang_tampil (res://pemain_tampilan.gd:527)
ERROR: Resource file not found: res://permata/permata_hijau.png (expected type: Texture2D)
   at: _load (core/io/resource_loader.cpp:325)
   GDScript backtrace (most recent call first):
       [0] _render_hud_banyak_pemain (res://pemain_tampilan.gd:564)
       [1] _render_uang_tampil (res://pemain_tampilan.gd:527)
ERROR: Resource file not found: res://permata/permata_hijau.png (expected type: Texture2D)
   at: _load (core/io/resource_loader.cpp:325)
   GDScript backtrace (most recent call first):
       [0] _render_hud_banyak_pemain (res://pemain_tampilan.gd:564)
       [1] _render_uang_tampil (res://pemain_tampilan.gd:527)
ERROR: Resource file not found: res://permata/permata_hijau.png (expected type: Texture2D)
   at: _load (core/io/resource_loader.cpp:325)
   GDScript backtrace (most recent call first):
       [0] _render_hud_banyak_pemain (res://pemain_tampilan.gd:564)
       [1] _render_uang_tampil (res://pemain_tampilan.gd:527)
ERROR: Resource file not found: res://permata/permata_hijau.png (expected type: Texture2D)
   at: _load (core/io/resource_loader.cpp:325)
   GDScript backtrace (most recent call first):
       [0] _render_hud_banyak_pemain (res://pemain_tampilan.gd:564)
       [1] _render_uang_tampil (res://pemain_tampilan.gd:527)
ERROR: Resource file not found: res://permata/permata_hijau.png (expected type: Texture2D)
   at: _load (core/io/resource_loader.cpp:325)
   GDScript backtrace (most recent call first):
       [0] _render_hud_banyak_pemain (res://pemain_tampilan.gd:564)
       [1] _render_uang_tampil (res://pemain_tampilan.gd:527)
       [2] <anonymous lambda> (res://pemain_tampilan.gd:516)
EVENT ronde=19 aktif=market_day terakhir=market_day
ERROR: Resource file not found: res://permata/permata_hijau.png (expected type: Texture2D)
   at: _load (core/io/resource_loader.cpp:325)
   GDScript backtrace (most recent call first):
       [0] _render_hud_banyak_pemain (res://pemain_tampilan.gd:564)
       [1] _render_uang_tampil (res://pemain_tampilan.gd:527)
ERROR: Resource file not found: res://permata/permata_hijau.png (expected type: Texture2D)
   at: _load (core/io/resource_loader.cpp:325)
   GDScript backtrace (most recent call first):
       [0] _render_hud_banyak_pemain (res://pemain_tampilan.gd:564)
       [1] _render_uang_tampil (res://pemain_tampilan.gd:527)
ERROR: Resource file not found: res://permata/permata_hijau.png (expected type: Texture2D)
   at: _load (core/io/resource_loader.cpp:325)
   GDScript backtrace (most recent call first):
       [0] _render_hud_banyak_pemain (res://pemain_tampilan.gd:564)
       [1] _render_uang_tampil (res://pemain_tampilan.gd:527)
ERROR: Resource file not found: res://permata/permata_hijau.png (expected type: Texture2D)
   at: _load (core/io/resource_loader.cpp:325)
   GDScript backtrace (most recent call first):
       [0] _render_hud_banyak_pemain (res://pemain_tampilan.gd:564)
       [1] _render_uang_tampil (res://pemain_tampilan.gd:527)
ERROR: Resource file not found: res://permata/permata_hijau.png (expected type: Texture2D)
   at: _load (core/io/resource_loader.cpp:325)
   GDScript backtrace (most recent call first):
       [0] _render_hud_banyak_pemain (res://pemain_tampilan.gd:564)
       [1] _render_uang_tampil (res://pemain_tampilan.gd:527)
ERROR: Resource file not found: res://permata/permata_hijau.png (expected type: Texture2D)
   at: _load (core/io/resource_loader.cpp:325)
   GDScript backtrace (most recent call first):
       [0] _render_hud_banyak_pemain (res://pemain_tampilan.gd:564)
       [1] _render_uang_tampil (res://pemain_tampilan.gd:527)
ERROR: Resource file not found: res://permata/permata_hijau.png (expected type: Texture2D)
   at: _load (core/io/resource_loader.cpp:325)
   GDScript backtrace (most recent call first):
       [0] _render_hud_banyak_pemain (res://pemain_tampilan.gd:564)
       [1] _render_uang_tampil (res://pemain_tampilan.gd:527)
ERROR: Resource file not found: res://permata/permata_hijau.png (expected type: Texture2D)
   at: _load (core/io/resource_loader.cpp:325)
   GDScript backtrace (most recent call first):
       [0] _render_hud_banyak_pemain (res://pemain_tampilan.gd:564)
       [1] _render_uang_tampil (res://pemain_tampilan.gd:527)
ERROR: Resource file not found: res://permata/permata_hijau.png (expected type: Texture2D)
   at: _load (core/io/resource_loader.cpp:325)
   GDScript backtrace (most recent call first):
       [0] _render_hud_banyak_pemain (res://pemain_tampilan.gd:564)
       [1] _render_uang_tampil (res://pemain_tampilan.gd:527)
ERROR: Resource file not found: res://permata/permata_hijau.png (expected type: Texture2D)
   at: _load (core/io/resource_loader.cpp:325)
   GDScript backtrace (most recent call first):
       [0] _render_hud_banyak_pemain (res://pemain_tampilan.gd:564)
       [1] _render_uang_tampil (res://pemain_tampilan.gd:527)
ERROR: Resource file not found: res://permata/permata_hijau.png (expected type: Texture2D)
   at: _load (core/io/resource_loader.cpp:325)
   GDScript backtrace (most recent call first):
       [0] _render_hud_banyak_pemain (res://pemain_tampilan.gd:564)
       [1] _render_uang_tampil (res://pemain_tampilan.gd:527)
ERROR: Resource file not found: res://permata/permata_hijau.png (expected type: Texture2D)
   at: _load (core/io/resource_loader.cpp:325)
   GDScript backtrace (most recent call first):
       [0] _render_hud_banyak_pemain (res://pemain_tampilan.gd:564)
       [1] _render_uang_tampil (res://pemain_tampilan.gd:527)
ERROR: Resource file not found: res://permata/permata_hijau.png (expected type: Texture2D)
   at: _load (core/io/resource_loader.cpp:325)
   GDScript backtrace (most recent call first):
       [0] _render_hud_banyak_pemain (res://pemain_tampilan.gd:564)
       [1] _render_uang_tampil (res://pemain_tampilan.gd:527)
ERROR: Resource file not found: res://permata/permata_hijau.png (expected type: Texture2D)
   at: _load (core/io/resource_loader.cpp:325)
   GDScript backtrace (most recent call first):
       [0] _render_hud_banyak_pemain (res://pemain_tampilan.gd:564)
       [1] _render_uang_tampil (res://pemain_tampilan.gd:527)
ERROR: Resource file not found: res://permata/permata_hijau.png (expected type: Texture2D)
   at: _load (core/io/resource_loader.cpp:325)
   GDScript backtrace (most recent call first):
       [0] _render_hud_banyak_pemain (res://pemain_tampilan.gd:564)
       [1] _render_uang_tampil (res://pemain_tampilan.gd:527)
       [2] <anonymous lambda> (res://pemain_tampilan.gd:516)
ERROR: Resource file not found: res://permata/permata_hijau.png (expected type: Texture2D)
   at: _load (core/io/resource_loader.cpp:325)
   GDScript backtrace (most recent call first):
       [0] _render_hud_banyak_pemain (res://pemain_tampilan.gd:564)
       [1] _render_uang_tampil (res://pemain_tampilan.gd:527)
ERROR: Resource file not found: res://permata/permata_hijau.png (expected type: Texture2D)
   at: _load (core/io/resource_loader.cpp:325)
   GDScript backtrace (most recent call first):
       [0] _render_hud_banyak_pemain (res://pemain_tampilan.gd:564)
       [1] _render_uang_tampil (res://pemain_tampilan.gd:527)
ERROR: Resource file not found: res://permata/permata_hijau.png (expected type: Texture2D)
   at: _load (core/io/resource_loader.cpp:325)
   GDScript backtrace (most recent call first):
       [0] _render_hud_banyak_pemain (res://pemain_tampilan.gd:564)
       [1] _render_uang_tampil (res://pemain_tampilan.gd:527)
ERROR: Resource file not found: res://permata/permata_hijau.png (expected type: Texture2D)
   at: _load (core/io/resource_loader.cpp:325)
   GDScript backtrace (most recent call first):
       [0] _render_hud_banyak_pemain (res://pemain_tampilan.gd:564)
       [1] _render_uang_tampil (res://pemain_tampilan.gd:527)
ERROR: Resource file not found: res://permata/permata_hijau.png (expected type: Texture2D)
   at: _load (core/io/resource_loader.cpp:325)
   GDScript backtrace (most recent call first):
       [0] _render_hud_banyak_pemain (res://pemain_tampilan.gd:564)
       [1] _render_uang_tampil (res://pemain_tampilan.gd:527)
ERROR: Resource file not found: res://permata/permata_hijau.png (expected type: Texture2D)
   at: _load (core/io/resource_loader.cpp:325)
   GDScript backtrace (most recent call first):
       [0] _render_hud_banyak_pemain (res://pemain_tampilan.gd:564)
       [1] _render_uang_tampil (res://pemain_tampilan.gd:527)
ERROR: Resource file not found: res://permata/permata_hijau.png (expected type: Texture2D)
   at: _load (core/io/resource_loader.cpp:325)
   GDScript backtrace (most recent call first):
       [0] _render_hud_banyak_pemain (res://pemain_tampilan.gd:564)
       [1] _render_uang_tampil (res://pemain_tampilan.gd:527)
ERROR: Resource file not found: res://permata/permata_hijau.png (expected type: Texture2D)
   at: _load (core/io/resource_loader.cpp:325)
   GDScript backtrace (most recent call first):
       [0] _render_hud_banyak_pemain (res://pemain_tampilan.gd:564)
       [1] _render_uang_tampil (res://pemain_tampilan.gd:527)
ERROR: Resource file not found: res://permata/permata_hijau.png (expected type: Texture2D)
   at: _load (core/io/resource_loader.cpp:325)
   GDScript backtrace (most recent call first):
       [0] _render_hud_banyak_pemain (res://pemain_tampilan.gd:564)
       [1] _render_uang_tampil (res://pemain_tampilan.gd:527)
ERROR: Resource file not found: res://permata/permata_hijau.png (expected type: Texture2D)
   at: _load (core/io/resource_loader.cpp:325)
   GDScript backtrace (most recent call first):
       [0] _render_hud_banyak_pemain (res://pemain_tampilan.gd:564)
       [1] _render_uang_tampil (res://pemain_tampilan.gd:527)
ERROR: Resource file not found: res://permata/permata_hijau.png (expected type: Texture2D)
   at: _load (core/io/resource_loader.cpp:325)
   GDScript backtrace (most recent call first):
       [0] _render_hud_banyak_pemain (res://pemain_tampilan.gd:564)
       [1] _render_uang_tampil (res://pemain_tampilan.gd:527)
ERROR: Resource file not found: res://permata/permata_hijau.png (expected type: Texture2D)
   at: _load (core/io/resource_loader.cpp:325)
   GDScript backtrace (most recent call first):
       [0] _render_hud_banyak_pemain (res://pemain_tampilan.gd:564)
       [1] _render_uang_tampil (res://pemain_tampilan.gd:527)
ERROR: Resource file not found: res://permata/permata_hijau.png (expected type: Texture2D)
   at: _load (core/io/resource_loader.cpp:325)
   GDScript backtrace (most recent call first):
       [0] _render_hud_banyak_pemain (res://pemain_tampilan.gd:564)
       [1] _render_uang_tampil (res://pemain_tampilan.gd:527)
ERROR: Resource file not found: res://permata/permata_hijau.png (expected type: Texture2D)
   at: _load (core/io/resource_loader.cpp:325)
   GDScript backtrace (most recent call first):
       [0] _render_hud_banyak_pemain (res://pemain_tampilan.gd:564)
       [1] _render_uang_tampil (res://pemain_tampilan.gd:527)
ERROR: Resource file not found: res://permata/permata_hijau.png (expected type: Texture2D)
   at: _load (core/io/resource_loader.cpp:325)
   GDScript backtrace (most recent call first):
       [0] _render_hud_banyak_pemain (res://pemain_tampilan.gd:564)
       [1] _render_uang_tampil (res://pemain_tampilan.gd:527)
ERROR: Resource file not found: res://permata/permata_hijau.png (expected type: Texture2D)
   at: _load (core/io/resource_loader.cpp:325)
   GDScript backtrace (most recent call first):
       [0] _render_hud_banyak_pemain (res://pemain_tampilan.gd:564)
       [1] _render_uang_tampil (res://pemain_tampilan.gd:527)
       [2] <anonymous lambda> (res://pemain_tampilan.gd:516)
ERROR: Resource file not found: res://permata/permata_hijau.png (expected type: Texture2D)
   at: _load (core/io/resource_loader.cpp:325)
   GDScript backtrace (most recent call first):
       [0] bergerak_maju (res://pemain.gd:903)
TEBAK_UI 'WHO WINS? TAP ONE!'
TEBAK_PILIH slot=0 tebak=2 penyerang=1 pembela=2
TARUHAN_PASANG nominal=50 crowns 540->490 potong=OK
TEBAK_UI 'Your guess: P3  (bet 50)'
TEBAK_JENDELA dtk_game=3.40 tombol=true
TEBAK_UI 'Wrong guess.  -50 Crowns'
TARUHAN_HASIL 'Wrong guess.  -50 Crowns' crowns 490 harap=490 cek=OK
TEBAK_CEK tebak=2 menang=1 benar_diharap=false stat_naik=0 ui='Wrong guess.' cek=OK
TEBAK_UI 'WHO WINS? TAP ONE!'
TEBAK_PILIH slot=0 tebak=2 penyerang=2 pembela=3
TARUHAN_PASANG nominal=10 crowns 490->480 potong=OK
TEBAK_UI 'Your guess: P3  (bet 10)'
TEBAK_JENDELA dtk_game=3.40 tombol=true
TEBAK_UI 'Wrong guess.  -10 Crowns'
TARUHAN_HASIL 'Wrong guess.  -10 Crowns' crowns 480 harap=480 cek=OK
TEBAK_CEK tebak=2 menang=3 benar_diharap=false stat_naik=0 ui='Wrong guess.' cek=OK
EVENT ronde=20 aktif= terakhir=market_day
SEIMBANG peta=alam seed=702 quick=0 roles=api,petir,tanah,angin pemenang=1 cara=start giliran=78 detik=1865.3 pasang=2,10,7,4 kena=2,10,6,3 kaya=3060,7757,2644,3025 rinci=0/437/5/3/0/7,6/660/5/3/4/0,1/1141/1/6/2/0,1/531/4/3/3/0 presets=- sacred=0 xprole0=-1 f5=6/1/0/0/0
TARUHAN_RINGKAS dipasang=6 ok=6 gagal=0 crowns_akhir=613
TEBAK_RINGKAS tebakan=7 benar=3 cek_ok=7 cek_gagal=0 stat_tebak_benar_slot0=3
STAT_CEK OK duel=<null> kena=21 teks_jebakan=19 | g20 d19 m5 k2 j2 ; g20 d20 m5 k10 j10 ; g19 d19 m1 k6 j7 ; g19 d19 m4 k3 j4 
SIM MENANG giliran=78 detik=1865
WARNING: 3 RIDs of type "CanvasItem" were leaked.
   at: _free_rids (servers/rendering/renderer_canvas_cull.cpp:2735)
WARNING: 258 ObjectDB instances were leaked at exit (run with `--verbose` for details).
   at: cleanup (core/object/object.cpp:2536)
ERROR: 61 RID allocations of type 'PN13RendererDummy14TextureStorage12DummyTextureE' were leaked at exit.
ERROR: 1 RID allocations of type 'N17RendererSceneCull8InstanceE' were leaked at exit.
ERROR: 61 RID allocations of type 'PN18TextServerAdvanced22ShapedTextDataAdvancedE' were leaked at exit.
ERROR: 2 RID allocations of type 'PN18TextServerAdvanced12FontAdvancedE' were leaked at exit.
